###############################################################################
#
# IAR ELF Linker V8.40.1.212/W32 for ARM                  10/Dec/2021  23:01:07
# Copyright 2007-2019 IAR Systems AB.
#
#    Output file  =
#        C:\UW_Workspace\warnes1\embsys310\assignment08\PWM2_LEDS\EWARM\PWM2_LEDS\Exe\PWM2_LEDS.out
#    Map file     =
#        C:\UW_Workspace\warnes1\embsys310\assignment08\PWM2_LEDS\EWARM\PWM2_LEDS\List\PWM2_LEDS.map
#    Command line =
#        -f C:\Users\warne\AppData\Local\Temp\EW3EF5.tmp
#        (C:\UW_Workspace\warnes1\embsys310\assignment08\PWM2_LEDS\EWARM\PWM2_LEDS\Obj\main.o
#        C:\UW_Workspace\warnes1\embsys310\assignment08\PWM2_LEDS\EWARM\PWM2_LEDS\Obj\startup_stm32l475xx.o
#        C:\UW_Workspace\warnes1\embsys310\assignment08\PWM2_LEDS\EWARM\PWM2_LEDS\Obj\stm32l4xx_hal.o
#        C:\UW_Workspace\warnes1\embsys310\assignment08\PWM2_LEDS\EWARM\PWM2_LEDS\Obj\stm32l4xx_hal_cortex.o
#        C:\UW_Workspace\warnes1\embsys310\assignment08\PWM2_LEDS\EWARM\PWM2_LEDS\Obj\stm32l4xx_hal_dma.o
#        C:\UW_Workspace\warnes1\embsys310\assignment08\PWM2_LEDS\EWARM\PWM2_LEDS\Obj\stm32l4xx_hal_dma_ex.o
#        C:\UW_Workspace\warnes1\embsys310\assignment08\PWM2_LEDS\EWARM\PWM2_LEDS\Obj\stm32l4xx_hal_exti.o
#        C:\UW_Workspace\warnes1\embsys310\assignment08\PWM2_LEDS\EWARM\PWM2_LEDS\Obj\stm32l4xx_hal_flash.o
#        C:\UW_Workspace\warnes1\embsys310\assignment08\PWM2_LEDS\EWARM\PWM2_LEDS\Obj\stm32l4xx_hal_flash_ex.o
#        C:\UW_Workspace\warnes1\embsys310\assignment08\PWM2_LEDS\EWARM\PWM2_LEDS\Obj\stm32l4xx_hal_flash_ramfunc.o
#        C:\UW_Workspace\warnes1\embsys310\assignment08\PWM2_LEDS\EWARM\PWM2_LEDS\Obj\stm32l4xx_hal_gpio.o
#        C:\UW_Workspace\warnes1\embsys310\assignment08\PWM2_LEDS\EWARM\PWM2_LEDS\Obj\stm32l4xx_hal_i2c.o
#        C:\UW_Workspace\warnes1\embsys310\assignment08\PWM2_LEDS\EWARM\PWM2_LEDS\Obj\stm32l4xx_hal_i2c_ex.o
#        C:\UW_Workspace\warnes1\embsys310\assignment08\PWM2_LEDS\EWARM\PWM2_LEDS\Obj\stm32l4xx_hal_msp.o
#        C:\UW_Workspace\warnes1\embsys310\assignment08\PWM2_LEDS\EWARM\PWM2_LEDS\Obj\stm32l4xx_hal_pwr.o
#        C:\UW_Workspace\warnes1\embsys310\assignment08\PWM2_LEDS\EWARM\PWM2_LEDS\Obj\stm32l4xx_hal_pwr_ex.o
#        C:\UW_Workspace\warnes1\embsys310\assignment08\PWM2_LEDS\EWARM\PWM2_LEDS\Obj\stm32l4xx_hal_rcc.o
#        C:\UW_Workspace\warnes1\embsys310\assignment08\PWM2_LEDS\EWARM\PWM2_LEDS\Obj\stm32l4xx_hal_rcc_ex.o
#        C:\UW_Workspace\warnes1\embsys310\assignment08\PWM2_LEDS\EWARM\PWM2_LEDS\Obj\stm32l4xx_hal_tim.o
#        C:\UW_Workspace\warnes1\embsys310\assignment08\PWM2_LEDS\EWARM\PWM2_LEDS\Obj\stm32l4xx_hal_tim_ex.o
#        C:\UW_Workspace\warnes1\embsys310\assignment08\PWM2_LEDS\EWARM\PWM2_LEDS\Obj\stm32l4xx_it.o
#        C:\UW_Workspace\warnes1\embsys310\assignment08\PWM2_LEDS\EWARM\PWM2_LEDS\Obj\system_stm32l4xx.o
#        --no_out_extension -o
#        C:\UW_Workspace\warnes1\embsys310\assignment08\PWM2_LEDS\EWARM\PWM2_LEDS\Exe\PWM2_LEDS.out
#        --redirect _Printf=_PrintfFullNoMb --redirect _Scanf=_ScanfFullNoMb
#        --map
#        C:\UW_Workspace\warnes1\embsys310\assignment08\PWM2_LEDS\EWARM\PWM2_LEDS\List\PWM2_LEDS.map
#        --config
#        C:\UW_Workspace\warnes1\embsys310\assignment08\PWM2_LEDS\EWARM/stm32l475xx_flash.icf
#        --semihosting --entry __iar_program_start --vfe --text_out locale)
#
###############################################################################

*******************************************************************************
*** RUNTIME MODEL ATTRIBUTES
***

CppFlavor       = *
__SystemLibrary = DLib
__dlib_version  = 6


*******************************************************************************
*** HEAP SELECTION
***

The basic heap was selected because some modules are built with
size limitations (and not runtime checking), and --advanced_heap
was not specified.


*******************************************************************************
*** PLACEMENT SUMMARY
***

"A0":  place at address 0x800'0000 { ro section .intvec };
"P1":  place in [from 0x800'0000 to 0x80f'ffff] { ro };
define block CSTACK with size = 1K, alignment = 8 { };
define block HEAP with size = 512, alignment = 8 { };
"P2":  place in [from 0x2000'0000 to 0x2001'7fff] {
          rw, block CSTACK, block HEAP };
"P3":  place in [from 0x2000'0000 to 0x2001'7fff] { };
initialize by copy { rw };

  Section            Kind         Address    Size  Object
  -------            ----         -------    ----  ------
"A0":                                       0x188
  .intvec            ro code   0x800'0000   0x188  startup_stm32l475xx.o [1]
                             - 0x800'0188   0x188

"P1":                                      0x1aa9
  .text              ro code   0x800'0188   0x7fe  stm32l4xx_hal_tim.o [1]
  .text              ro code   0x800'0988    0xf0  stm32l4xx_hal_msp.o [1]
  .text              ro code   0x800'0a78     0x2  stm32l4xx_hal_tim.o [1]
  .text              ro code   0x800'0a7a    0x14  memset.o [4]
  .text              ro code   0x800'0a90   0x1e0  stm32l4xx_hal_gpio.o [1]
  .text              ro code   0x800'0c70    0x66  ABImemset.o [4]
  .text              ro code   0x800'0cd8   0x6bc  stm32l4xx_hal_rcc.o [1]
  .text              ro code   0x800'1394    0x44  stm32l4xx_hal.o [1]
  .text              ro code   0x800'13d8     0xc  stm32l4xx_hal.o [1]
  .text              ro code   0x800'13e4    0x84  stm32l4xx_hal_pwr_ex.o [1]
  .text              ro code   0x800'1468    0xac  stm32l4xx_hal_cortex.o [1]
  .text              ro code   0x800'1514   0x34a  main.o [1]
  .text              ro code   0x800'1860    0x1e  stm32l4xx_hal.o [1]
  .text              ro code   0x800'1880    0x94  stm32l4xx_hal_tim_ex.o [1]
  .text              ro code   0x800'1914    0x28  stm32l4xx_hal.o [1]
  .text              ro code   0x800'193c    0x50  system_stm32l4xx.o [1]
  .text              ro code   0x800'198c    0x38  packbits_init_single.o [4]
  .rodata            const     0x800'19c4    0x30  system_stm32l4xx.o [1]
  .text              ro code   0x800'19f4    0x28  data_init.o [4]
  .text              ro code   0x800'1a1c    0x22  fpinit_M.o [3]
  .iar.init_table    const     0x800'1a40    0x10  - Linker created -
  .text              ro code   0x800'1a50    0x1e  cmain.o [4]
  .text              ro code   0x800'1a6e     0x4  low_level_init.o [2]
  .text              ro code   0x800'1a72     0x4  exit.o [2]
  .text              ro code   0x800'1a78     0xa  cexit.o [4]
  .text              ro code   0x800'1a84    0x14  exit.o [5]
  .text              ro code   0x800'1a98    0x14  stm32l4xx_it.o [1]
  .text              ro code   0x800'1aac    0x10  stm32l4xx_hal.o [1]
  .text              ro code   0x800'1abc    0x10  startup_stm32l475xx.o [1]
  .text              ro code   0x800'1acc     0xc  cstartup_M.o [4]
  .text              ro code   0x800'1ad8     0x4  startup_stm32l475xx.o [1]
  .text              ro code   0x800'1adc     0x4  startup_stm32l475xx.o [1]
  .text              ro code   0x800'1ae0     0x4  startup_stm32l475xx.o [1]
  .text              ro code   0x800'1ae4     0x4  startup_stm32l475xx.o [1]
  .text              ro code   0x800'1ae8     0x4  startup_stm32l475xx.o [1]
  .text              ro code   0x800'1aec     0x4  startup_stm32l475xx.o [1]
  .text              ro code   0x800'1af0     0x4  startup_stm32l475xx.o [1]
  .text              ro code   0x800'1af4     0x4  startup_stm32l475xx.o [1]
  .text              ro code   0x800'1af8     0x4  startup_stm32l475xx.o [1]
  .text              ro code   0x800'1afc     0x4  startup_stm32l475xx.o [1]
  .text              ro code   0x800'1b00     0x4  startup_stm32l475xx.o [1]
  .text              ro code   0x800'1b04     0x4  startup_stm32l475xx.o [1]
  .text              ro code   0x800'1b08     0x4  startup_stm32l475xx.o [1]
  .text              ro code   0x800'1b0c     0x4  startup_stm32l475xx.o [1]
  .text              ro code   0x800'1b10     0x4  startup_stm32l475xx.o [1]
  .text              ro code   0x800'1b14     0x4  startup_stm32l475xx.o [1]
  .text              ro code   0x800'1b18     0x4  startup_stm32l475xx.o [1]
  .text              ro code   0x800'1b1c     0x4  startup_stm32l475xx.o [1]
  .text              ro code   0x800'1b20     0x4  startup_stm32l475xx.o [1]
  .text              ro code   0x800'1b24     0x4  startup_stm32l475xx.o [1]
  .text              ro code   0x800'1b28     0x4  startup_stm32l475xx.o [1]
  .text              ro code   0x800'1b2c     0x4  startup_stm32l475xx.o [1]
  .text              ro code   0x800'1b30     0x4  startup_stm32l475xx.o [1]
  .text              ro code   0x800'1b34     0x4  startup_stm32l475xx.o [1]
  .text              ro code   0x800'1b38     0x4  startup_stm32l475xx.o [1]
  .text              ro code   0x800'1b3c     0x4  startup_stm32l475xx.o [1]
  .text              ro code   0x800'1b40     0x4  startup_stm32l475xx.o [1]
  .text              ro code   0x800'1b44     0x4  startup_stm32l475xx.o [1]
  .text              ro code   0x800'1b48     0x4  startup_stm32l475xx.o [1]
  .text              ro code   0x800'1b4c     0x4  startup_stm32l475xx.o [1]
  .text              ro code   0x800'1b50     0x4  startup_stm32l475xx.o [1]
  .text              ro code   0x800'1b54     0x4  startup_stm32l475xx.o [1]
  .text              ro code   0x800'1b58     0x4  startup_stm32l475xx.o [1]
  .text              ro code   0x800'1b5c     0x4  startup_stm32l475xx.o [1]
  .text              ro code   0x800'1b60     0x4  startup_stm32l475xx.o [1]
  .text              ro code   0x800'1b64     0x4  startup_stm32l475xx.o [1]
  .text              ro code   0x800'1b68     0x4  startup_stm32l475xx.o [1]
  .text              ro code   0x800'1b6c     0x4  startup_stm32l475xx.o [1]
  .text              ro code   0x800'1b70     0x4  startup_stm32l475xx.o [1]
  .text              ro code   0x800'1b74     0x4  startup_stm32l475xx.o [1]
  .text              ro code   0x800'1b78     0x4  startup_stm32l475xx.o [1]
  .text              ro code   0x800'1b7c     0x4  startup_stm32l475xx.o [1]
  .text              ro code   0x800'1b80     0x4  startup_stm32l475xx.o [1]
  .text              ro code   0x800'1b84     0x4  startup_stm32l475xx.o [1]
  .text              ro code   0x800'1b88     0x4  startup_stm32l475xx.o [1]
  .text              ro code   0x800'1b8c     0x4  startup_stm32l475xx.o [1]
  .text              ro code   0x800'1b90     0x4  startup_stm32l475xx.o [1]
  .text              ro code   0x800'1b94     0x4  startup_stm32l475xx.o [1]
  .text              ro code   0x800'1b98     0x4  startup_stm32l475xx.o [1]
  .text              ro code   0x800'1b9c     0x4  startup_stm32l475xx.o [1]
  .text              ro code   0x800'1ba0     0x4  startup_stm32l475xx.o [1]
  .text              ro code   0x800'1ba4     0x4  startup_stm32l475xx.o [1]
  .text              ro code   0x800'1ba8     0x4  startup_stm32l475xx.o [1]
  .text              ro code   0x800'1bac     0x4  startup_stm32l475xx.o [1]
  .text              ro code   0x800'1bb0     0x4  startup_stm32l475xx.o [1]
  .text              ro code   0x800'1bb4     0x4  startup_stm32l475xx.o [1]
  .text              ro code   0x800'1bb8     0x4  startup_stm32l475xx.o [1]
  .text              ro code   0x800'1bbc     0x4  startup_stm32l475xx.o [1]
  .text              ro code   0x800'1bc0     0x4  startup_stm32l475xx.o [1]
  .text              ro code   0x800'1bc4     0x4  startup_stm32l475xx.o [1]
  .text              ro code   0x800'1bc8     0x4  startup_stm32l475xx.o [1]
  .text              ro code   0x800'1bcc     0x4  startup_stm32l475xx.o [1]
  .text              ro code   0x800'1bd0     0x4  startup_stm32l475xx.o [1]
  .text              ro code   0x800'1bd4     0x4  startup_stm32l475xx.o [1]
  .text              ro code   0x800'1bd8     0x4  startup_stm32l475xx.o [1]
  .text              ro code   0x800'1bdc     0x4  startup_stm32l475xx.o [1]
  .text              ro code   0x800'1be0     0x4  startup_stm32l475xx.o [1]
  .text              ro code   0x800'1be4     0x4  startup_stm32l475xx.o [1]
  .text              ro code   0x800'1be8     0x4  startup_stm32l475xx.o [1]
  .text              ro code   0x800'1bec     0x4  startup_stm32l475xx.o [1]
  .text              ro code   0x800'1bf0     0x4  startup_stm32l475xx.o [1]
  .text              ro code   0x800'1bf4     0x4  startup_stm32l475xx.o [1]
  .text              ro code   0x800'1bf8     0x4  startup_stm32l475xx.o [1]
  .text              ro code   0x800'1bfc     0x4  startup_stm32l475xx.o [1]
  .text              ro code   0x800'1c00     0x4  startup_stm32l475xx.o [1]
  .text              ro code   0x800'1c04     0x4  startup_stm32l475xx.o [1]
  .text              ro code   0x800'1c08     0x4  startup_stm32l475xx.o [1]
  .text              ro code   0x800'1c0c     0x4  startup_stm32l475xx.o [1]
  .text              ro code   0x800'1c10     0x4  startup_stm32l475xx.o [1]
  .text              ro code   0x800'1c14     0x4  startup_stm32l475xx.o [1]
  .rodata            const     0x800'1c18     0x0  packbits_init_single.o [4]
  Initializer bytes  const     0x800'1c18    0x19  <for P2-P3-1>
                             - 0x800'1c31  0x1aa9

"P2-P3", part 1 of 2:                        0xb4
  P2-P3-1                     0x2000'0000    0xb4  <Init block>
    .data            inited   0x2000'0000    0xa4  main.o [1]
    .data            inited   0x2000'00a4     0xc  stm32l4xx_hal.o [1]
    .data            inited   0x2000'00b0     0x4  system_stm32l4xx.o [1]
                            - 0x2000'00b4    0xb4

"P2-P3", part 2 of 2:                       0x400
  CSTACK                      0x2000'00b8   0x400  <Block>
    CSTACK           uninit   0x2000'00b8   0x400  <Block tail>
                            - 0x2000'04b8   0x400

Unused ranges:

         From           To      Size
         ----           --      ----
   0x800'1c31   0x80f'ffff  0xf'e3cf
  0x2000'00b4  0x2000'00b7       0x4
  0x2000'04b8  0x2001'7fff  0x1'7b48


*******************************************************************************
*** INIT TABLE
***

          Address      Size
          -------      ----
Copy/packbits (__iar_packbits_init_single3)
    1 source range, total size 0x19 (13% of destination):
           0x800'1c18  0x19
    1 destination range, total size 0xb4:
          0x2000'0000  0xb4



*******************************************************************************
*** MODULE SUMMARY
***

    Module                  ro code  ro data  rw data
    ------                  -------  -------  -------
command line/config:
    -------------------------------------------------
    Total:

C:\UW_Workspace\warnes1\embsys310\assignment08\PWM2_LEDS\EWARM\PWM2_LEDS\Obj: [1]
    main.o                      842       22      164
    startup_stm32l475xx.o       728
    stm32l4xx_hal.o             166        2       12
    stm32l4xx_hal_cortex.o      172
    stm32l4xx_hal_gpio.o        480
    stm32l4xx_hal_msp.o         240
    stm32l4xx_hal_pwr_ex.o      132
    stm32l4xx_hal_rcc.o       1'724
    stm32l4xx_hal_tim.o       2'048
    stm32l4xx_hal_tim_ex.o      148
    stm32l4xx_it.o               20
    system_stm32l4xx.o           80       49        4
    -------------------------------------------------
    Total:                    6'780       73      180

dl7M_tln.a: [2]
    exit.o                        4
    low_level_init.o              4
    -------------------------------------------------
    Total:                        8

m7M_tls.a: [3]
    fpinit_M.o                   34
    -------------------------------------------------
    Total:                       34

rt7M_tl.a: [4]
    ABImemset.o                 102
    cexit.o                      10
    cmain.o                      30
    cstartup_M.o                 12
    data_init.o                  40
    memset.o                     20
    packbits_init_single.o       56
    -------------------------------------------------
    Total:                      270

shb_l.a: [5]
    exit.o                       20
    -------------------------------------------------
    Total:                       20

    Gaps                         14        2
    Linker created                        16    1'024
-----------------------------------------------------
    Grand Total:              7'126       91    1'204


*******************************************************************************
*** ENTRY LIST
***

Entry                       Address   Size  Type      Object
-----                       -------   ----  ----      ------
.iar.init_table$$Base    0x800'1a40          --   Gb  - Linker created -
.iar.init_table$$Limit   0x800'1a50          --   Gb  - Linker created -
?main                    0x800'1a51         Code  Gb  cmain.o [4]
AHBPrescTable            0x800'197c   0x10  Data  Gb  system_stm32l4xx.o [1]
BusFault_Handler         0x800'1a9f    0x2  Code  Gb  stm32l4xx_it.o [1]
CSTACK$$Base            0x2000'00b8          --   Gb  - Linker created -
CSTACK$$Limit           0x2000'04b8          --   Gb  - Linker created -
DebugMon_Handler         0x800'1aa5    0x2  Code  Gb  stm32l4xx_it.o [1]
Error_Handler            0x800'185b    0x4  Code  Gb  main.o [1]
HAL_Delay                0x800'1915   0x28  Code  Wk  stm32l4xx_hal.o [1]
HAL_GPIO_Init            0x800'0a91  0x1bc  Code  Gb  stm32l4xx_hal_gpio.o [1]
HAL_GetTick              0x800'13d9    0xc  Code  Wk  stm32l4xx_hal.o [1]
HAL_IncTick              0x800'1aad   0x10  Code  Wk  stm32l4xx_hal.o [1]
HAL_Init                 0x800'1861   0x1e  Code  Gb  stm32l4xx_hal.o [1]
HAL_InitTick             0x800'1395   0x44  Code  Wk  stm32l4xx_hal.o [1]
HAL_MspInit              0x800'0989   0x2c  Code  Gb  stm32l4xx_hal_msp.o [1]
HAL_NVIC_SetPriority     0x800'149d   0x3a  Code  Gb  stm32l4xx_hal_cortex.o [1]
HAL_NVIC_SetPriorityGrouping
                         0x800'1483   0x1a  Code  Gb  stm32l4xx_hal_cortex.o [1]
HAL_PWREx_ControlVoltageScaling
                         0x800'13f1   0x5c  Code  Gb  stm32l4xx_hal_pwr_ex.o [1]
HAL_PWREx_GetVoltageRange
                         0x800'13e5    0xc  Code  Gb  stm32l4xx_hal_pwr_ex.o [1]
HAL_RCC_ClockConfig      0x800'1143  0x100  Code  Gb  stm32l4xx_hal_rcc.o [1]
HAL_RCC_GetSysClockFreq
                         0x800'1257   0x92  Code  Gb  stm32l4xx_hal_rcc.o [1]
HAL_RCC_OscConfig        0x800'0cd9  0x43e  Code  Gb  stm32l4xx_hal_rcc.o [1]
HAL_SYSTICK_Config       0x800'14d9   0x28  Code  Gb  stm32l4xx_hal_cortex.o [1]
HAL_TIMEx_MasterConfigSynchronization
                         0x800'1881   0x7a  Code  Gb  stm32l4xx_hal_tim_ex.o [1]
HAL_TIM_Base_Init        0x800'0189   0x1a  Code  Gb  stm32l4xx_hal_tim.o [1]
HAL_TIM_Base_MspInit     0x800'09b5   0x38  Code  Gb  stm32l4xx_hal_msp.o [1]
HAL_TIM_ConfigClockSource
                         0x800'0507   0x90  Code  Gb  stm32l4xx_hal_tim.o [1]
HAL_TIM_MspPostInit      0x800'09ed   0x6e  Code  Gb  stm32l4xx_hal_msp.o [1]
HAL_TIM_PWM_ConfigChannel
                         0x800'03f9  0x102  Code  Gb  stm32l4xx_hal_tim.o [1]
HAL_TIM_PWM_Init         0x800'01cd   0x1a  Code  Gb  stm32l4xx_hal_tim.o [1]
HAL_TIM_PWM_Start        0x800'01e7   0xc8  Code  Gb  stm32l4xx_hal_tim.o [1]
HAL_TIM_PWM_Stop         0x800'02f7   0x7c  Code  Gb  stm32l4xx_hal_tim.o [1]
HardFault_Handler        0x800'1a9b    0x2  Code  Gb  stm32l4xx_it.o [1]
MSIRangeTable            0x800'19c4   0x30  Data  Gb  system_stm32l4xx.o [1]
MemManage_Handler        0x800'1a9d    0x2  Code  Gb  stm32l4xx_it.o [1]
NMI_Handler              0x800'1a99    0x2  Code  Gb  stm32l4xx_it.o [1]
PendSV_Handler           0x800'1aa7    0x2  Code  Gb  stm32l4xx_it.o [1]
RCC_SetFlashLatencyFromMSIRange
                         0x800'12e9   0x74  Code  Lc  stm32l4xx_hal_rcc.o [1]
Region$$Table$$Base      0x800'1a40          --   Gb  - Linker created -
Region$$Table$$Limit     0x800'1a50          --   Gb  - Linker created -
SVC_Handler              0x800'1aa3    0x2  Code  Gb  stm32l4xx_it.o [1]
SysTick_Handler          0x800'1aa9    0x4  Code  Gb  stm32l4xx_it.o [1]
SystemClock_Config       0x800'17f3   0x5e  Code  Gb  main.o [1]
SystemCoreClock         0x2000'00b0    0x4  Data  Gb  system_stm32l4xx.o [1]
SystemInit               0x800'193d   0x34  Code  Gb  system_stm32l4xx.o [1]
TIM_Base_SetConfig       0x800'05c3   0xac  Code  Gb  stm32l4xx_hal_tim.o [1]
TIM_CCxChannelCmd        0x800'096b   0x16  Code  Gb  stm32l4xx_hal_tim.o [1]
TIM_ETR_SetConfig        0x800'0957   0x14  Code  Gb  stm32l4xx_hal_tim.o [1]
TIM_ITRx_SetConfig       0x800'0947   0x10  Code  Lc  stm32l4xx_hal_tim.o [1]
TIM_OC1_SetConfig        0x800'066f   0x82  Code  Lc  stm32l4xx_hal_tim.o [1]
TIM_OC2_SetConfig        0x800'06f1   0x72  Code  Gb  stm32l4xx_hal_tim.o [1]
TIM_OC3_SetConfig        0x800'0763   0x70  Code  Lc  stm32l4xx_hal_tim.o [1]
TIM_OC4_SetConfig        0x800'07d3   0x4e  Code  Lc  stm32l4xx_hal_tim.o [1]
TIM_OC5_SetConfig        0x800'0821   0x54  Code  Lc  stm32l4xx_hal_tim.o [1]
TIM_OC6_SetConfig        0x800'0875   0x4e  Code  Lc  stm32l4xx_hal_tim.o [1]
TIM_TI1_ConfigInputStage
                         0x800'0905   0x1e  Code  Lc  stm32l4xx_hal_tim.o [1]
TIM_TI2_ConfigInputStage
                         0x800'0923   0x24  Code  Lc  stm32l4xx_hal_tim.o [1]
UsageFault_Handler       0x800'1aa1    0x2  Code  Gb  stm32l4xx_it.o [1]
__NVIC_SetPriority       0x800'1469   0x1a  Code  Lc  stm32l4xx_hal_cortex.o [1]
__aeabi_memset           0x800'0c71         Code  Gb  ABImemset.o [4]
__cmain                  0x800'1a51         Code  Gb  cmain.o [4]
__exit                   0x800'1a85   0x14  Code  Gb  exit.o [5]
__iar_Memset             0x800'0c71         Code  Gb  ABImemset.o [4]
__iar_Memset_word        0x800'0c79         Code  Gb  ABImemset.o [4]
__iar_data_init3         0x800'19f5   0x28  Code  Gb  data_init.o [4]
__iar_init_vfp           0x800'1a1d         Code  Gb  fpinit_M.o [3]
__iar_packbits_init_single3
                         0x800'198d   0x38  Code  Gb  packbits_init_single.o [4]
__iar_program_start      0x800'1acd         Code  Gb  cstartup_M.o [4]
__low_level_init         0x800'1a6f    0x4  Code  Gb  low_level_init.o [2]
__vector_table           0x800'0000         Data  Gb  startup_stm32l475xx.o [1]
_call_main               0x800'1a5d         Code  Gb  cmain.o [4]
_exit                    0x800'1a79         Code  Gb  cexit.o [4]
_main                    0x800'1a6b         Code  Gb  cmain.o [4]
exit                     0x800'1a73    0x4  Code  Gb  exit.o [2]
htim2                   0x2000'000c   0x4c  Data  Gb  main.o [1]
htim3                   0x2000'0058   0x4c  Data  Gb  main.o [1]
main                     0x800'1515  0x2a8  Code  Gb  main.o [1]
main::DirectionFlg1     0x2000'0000    0x1  Data  Lc  main.o [1]
main::DirectionFlg3     0x2000'0001    0x1  Data  Lc  main.o [1]
memset                   0x800'0a7b   0x14  Code  Gb  memset.o [4]
pwm_value_TIM2          0x2000'0002    0x2  Data  Lc  main.o [1]
pwm_value_TIM3          0x2000'0006    0x2  Data  Lc  main.o [1]
step_TIM2               0x2000'0004    0x2  Data  Lc  main.o [1]
step_TIM3               0x2000'0008    0x2  Data  Lc  main.o [1]
uwTick                  0x2000'00a8    0x4  Data  Gb  stm32l4xx_hal.o [1]
uwTickFreq              0x2000'00a4    0x1  Data  Gb  stm32l4xx_hal.o [1]
uwTickPrio              0x2000'00ac    0x4  Data  Gb  stm32l4xx_hal.o [1]


[1] = C:\UW_Workspace\warnes1\embsys310\assignment08\PWM2_LEDS\EWARM\PWM2_LEDS\Obj
[2] = dl7M_tln.a
[3] = m7M_tls.a
[4] = rt7M_tl.a
[5] = shb_l.a

  7'126 bytes of readonly  code memory
     91 bytes of readonly  data memory
  1'204 bytes of readwrite data memory

Errors: none
Warnings: none
